
> build
> vite build

[36mvite v8.0.1 [32mbuilding client environment for production...[36m[39m
[2K
transforming...Γ£ô 1750 modules transformed.
node.exe : [31mΓ£ù[39m Build 
failed in 1.26s
At line:1 char:1
+ & "C:\Program 
Files\nodejs/node.exe" 
"C:\Program Files\nodejs/node_mo 
...
+ ~~~~~~~~~~~~~~~~~~~~~~~~~~~~~~~~
~~~~~~~~~~~~~~~~~~~~~~~~~~~~~~~~~~
~~~
    + CategoryInfo          : Not 
   Specified: ([31mΓ£ù[39m Bui  
  ld failed in 1.26s:String) []   
 , RemoteException
    + FullyQualifiedErrorId : Nat 
   iveCommandError
 
[31merror during build:
[31mBuild failed with 1 error:

[31m[builtin:vite-transform] 
Error:[0m Expected `:` but found 
`Identifier`
     [38;5;246mΓò¡[0m[38;5;246m
ΓöÇ[0m[38;5;246m[[0m resources/
js/assets/ReceptionPage.tsx:572:12
0 [38;5;246m][0m
     [38;5;246mΓöé[0m
 [38;5;246m572 Γöé[0m 
[38;5;249m [0m[38;5;249m 
[0m[38;5;249m [0m[38;5;249m 
[0m[38;5;249m [0m[38;5;249m 
[0m[38;5;249m [0m[38;5;249m 
[0m[38;5;249m [0m[38;5;249m 
[0m[38;5;249m [0m[38;5;249m 
[0m[38;5;249m [0m[38;5;249m 
[0m[38;5;249m [0m[38;5;249m 
[0m[38;5;249m [0m[38;5;249m 
[0m[38;5;249m [0m[38;5;249m 
[0m[38;5;249m [0m[38;5;249m 
[0m[38;5;249m [0m[38;5;249m 
[0m[38;5;249m [0m[38;5;249m 
[0m[38;5;249m [0m[38;5;249m 
[0m[38;5;249m [0m[38;5;249m 
[0m[38;5;249m [0m[38;5;249m 
[0m[38;5;249m [0m[38;5;249m 
[0m[38;5;249m [0m[38;5;249m [
0m[38;5;249m<[0m[38;5;249ms[0m
[38;5;249mp[0m[38;5;249ma[0m[
38;5;249mn[0m[38;5;249m [0m[38
;5;249mc[0m[38;5;249ml[0m[38;5
;249ma[0m[38;5;249ms[0m[38;5;2
49ms[0m[38;5;249mN[0m[38;5;249
ma[0m[38;5;249mm[0m[38;5;249me
[0m[38;5;249m=[0m[38;5;249m"[
0m[38;5;249mt[0m[38;5;249me[0m
[38;5;249mx[0m[38;5;249mt[0m[
38;5;249m-[0m[38;5;249mg[0m[38
;5;249mr[0m[38;5;249ma[0m[38;5
;249my[0m[38;5;249m-[0m[38;5;2
49m4[0m[38;5;249m0[0m[38;5;249
m0[0m[38;5;249m [0m[38;5;249mf
[0m[38;5;249mo[0m[38;5;249mn[
0m[38;5;249mt[0m[38;5;249m-[0m
[38;5;249mb[0m[38;5;249mo[0m[
38;5;249ml[0m[38;5;249md[0m[38
;5;249m [0m[38;5;249mu[0m[38;5
;249mp[0m[38;5;249mp[0m[38;5;2
49me[0m[38;5;249mr[0m[38;5;249
mc[0m[38;5;249ma[0m[38;5;249ms
[0m[38;5;249me[0m[38;5;249m [
0m[38;5;249mt[0m[38;5;249mr[0m
[38;5;249ma[0m[38;5;249mc[0m[
38;5;249mk[0m[38;5;249mi[0m[38
;5;249mn[0m[38;5;249mg[0m[38;5
;249m-[0m[38;5;249mw[0m[38;5;2
49mi[0m[38;5;249md[0m[38;5;249
me[0m[38;5;249ms[0m[38;5;249mt
[0m[38;5;249m"[0m[38;5;249m>[
0m[38;5;249m{[0m[38;5;249mi[0m
[38;5;249ms[0m[38;5;249mA[0m[
38;5;249mr[0m[38;5;249m 
[0m?[38;5;249m [0m[38;5;249m╪º
[0m[38;5;249m┘ä[0m[38;5;249m╪¡
[0m[38;5;249m╪º[0m[38;5;249m┘ä
[0m[38;5;249m╪⌐[0m[38;5;249m 
[0m╪º┘ä╪¡╪º┘ä┘è╪⌐[38;5;249m 
[0m[38;5;249m╪º[0m[38;5;249m 
[0m[38;5;249m [0m[38;5;249m╪¡
[0m[38;5;249m╪º[0m[38;5;249m 
[0m[38;5;249m [0m[38;5;249m [
0m[38;5;249m`[0m[38;5;249m╪⌐[0
m[38;5;249m'[0m[38;5;249m 
[0m[38;5;249m:[0m[38;5;249m [
0m[38;5;249m'[0m[38;5;249mC[0m
[38;5;249mu[0m[38;5;249mr[0m[
38;5;249mr[0m[38;5;249me[0m[38
;5;249mn[0m[38;5;249mt[0m[38;5
;249m [0m[38;5;249mS[0m[38;5;2
49mt[0m[38;5;249ma[0m[38;5;249
mt[0m[38;5;249mu[0m[38;5;249ms
[0m[38;5;249m'[0m[38;5;249m}[
0m[38;5;249m<[0m[38;5;249m/[0m
[38;5;249ms[0m[38;5;249mp[0m[
38;5;249ma[0m[38;5;249mn[0m[38
;5;249m>[0m
 [38;5;240m    Γöé[0m           
                                  
                                  
                                
Γö¼        ΓöÇΓöÇΓöÇΓö¼ΓöÇΓöÇΓöÇ  
 [38;5;240m    Γöé[0m           
                                  
                                  
                                Γò
░ΓöÇΓöÇΓöÇΓöÇΓöÇΓöÇΓöÇΓöÇΓöÇΓöÇΓöÇ
ΓöÇΓöÇΓöÇΓöÇΓöÇΓöÇ Conditional 
starts here
 [38;5;240m    Γöé[0m           
                                  
                                  
                                  
          Γöé     
 [38;5;240m    Γöé[0m           
                                  
                                  
                                  
          Γò░ΓöÇΓöÇΓöÇΓöÇΓöÇ `:` 
expected
[38;5;246mΓöÇΓöÇΓöÇΓöÇΓöÇΓò»[0m
[31m
    at 
aggregateBindingErrorsIntoJsError 
(file:///C:/xampp/htdocs/my-first-
app/backend/node_modules/rolldown/
dist/shared/error-BO4SlZV_.mjs:48:
18)
    at unwrapBindingResult (file:/
//C:/xampp/htdocs/my-first-app/bac
kend/node_modules/rolldown/dist/sh
ared/error-BO4SlZV_.mjs:18:128)
    at #build (file:///C:/xampp/ht
docs/my-first-app/backend/node_mod
ules/rolldown/dist/shared/rolldown
-build-yQC7KN8K.mjs:3311:34)
    at async buildEnvironment (fil
e:///C:/xampp/htdocs/my-first-app/
backend/node_modules/vite/dist/nod
e/chunks/node.js:32817:64)
    at async Object.build (file://
/C:/xampp/htdocs/my-first-app/back
end/node_modules/vite/dist/node/ch
unks/node.js:33239:19)
    at async Object.buildApp (file
:///C:/xampp/htdocs/my-first-app/b
ackend/node_modules/vite/dist/node
/chunks/node.js:33236:153)
    at async CAC.<anonymous> (file
:///C:/xampp/htdocs/my-first-app/b
ackend/node_modules/vite/dist/node
/cli.js:778:3) {
  errors: [Getter/Setter]
}[39m
